// Jest Snapshot v1, https://goo.gl/fbAQLP

exports[`renders homepage unchanged 1`] = `
<div>
  <div
    class="container"
  >
    <main
      class="main"
    >
      <h1>
        Next template
      </h1>
    </main>
    <footer />
  </div>
</div>
`;
